Day #0: 1 events in total
The order was made by escmaster@gmail.com, from the faculty of Computer Science, who is skilled at 8
	It was made for room 1, of roomsinc@gmail.com from Computer Science, for the time 10:00
	The room is best for a skill level of 7. 3 people came for the total price of 225
That is all for day #0!

Day #1: 1 events in total
The order was made by escmaster@gmail.com, from the faculty of Computer Science, who is skilled at 8
	It was made for room 1, of roomsinc@gmail.com from Computer Science, for the time 0:00
	The room is best for a skill level of 7. 3 people came for the total price of 225
That is all for day #1!

The system has 18 faculties and in 2 days, they have made a revenue of 450
One of the best faculties - Computer Science, has made a revenue of 450 so far!
One of the best faculties - Civil and Environmental Engineering, has made a revenue of 0 so far!
One of the best faculties - Mechanical Engineering, has made a revenue of 0 so far!

